Copyright 1986-2020 Xilinx, Inc. All Rights Reserved.
--------------------------------------------------------------------------------------------------------
| Tool Version : Vivado v.2020.1 (lin64) Build 2902540 Wed May 27 19:54:35 MDT 2020
| Date         : Sun Apr 14 17:44:31 2024
| Host         : beepboop running 64-bit Ubuntu 22.04.1 LTS
| Command      : report_clock_interaction -file reports_cva6_fpga_synth/cva6_fpga.clock_interaction.rpt
| Design       : cva6_zybo_z7_20
| Device       : 7z020-clg400
| Speed File   : -1  PRODUCTION 1.12 2019-11-22
--------------------------------------------------------------------------------------------------------

Clock Interaction Report

Clock Interaction Table
-----------------------

                                              WNS                            TNS Failing  TNS Total    WNS Path         Clock-Pair           Inter-Clock              
From Clock             To Clock               Clock Edges  WNS(ns)  TNS(ns)    Endpoints    Endpoints  Requirement(ns)  Classification       Constraints              
---------------------  ---------------------  -----------  -------  -------  -----------  -----------  ---------------  -------------------  -----------------------  
clk_out1_xlnx_clk_gen  clk_out1_xlnx_clk_gen  rise - rise    -0.37    -7.49           20        48895            20.00  Clean                Partial False Path       
clk_out1_xlnx_clk_gen  tck                    rise - rise    18.92     0.00            0           36            20.00  Ignored              Max Delay Datapath Only  
tck                    clk_out1_xlnx_clk_gen  rise - rise    13.10     0.00            0           43            20.00  No Common Clock      Timed (unsafe)           
tck                    tck                    fall - rise     5.76     0.00            0          453            20.00  Clean                Timed                    


